Analysis & Synthesis report for cpu_on_board
Fri Apr  3 10:28:47 2026
Quartus II 32-bit Version 13.0.1 Build 232 06/12/2013 Service Pack 1 SJ Web Edition


---------------------
; Table of Contents ;
---------------------
  1. Legal Notice
  2. Analysis & Synthesis Summary
  3. Analysis & Synthesis Settings
  4. Parallel Compilation
  5. Analysis & Synthesis IP Cores Summary
  6. Analysis & Synthesis Messages



----------------
; Legal Notice ;
----------------
Copyright (C) 1991-2013 Altera Corporation
Your use of Altera Corporation's design tools, logic functions 
and other software and tools, and its AMPP partner logic 
functions, and any output files from any of the foregoing 
(including device programming or simulation files), and any 
associated documentation or information are expressly subject 
to the terms and conditions of the Altera Program License 
Subscription Agreement, Altera MegaCore Function License 
Agreement, or other applicable license agreement, including, 
without limitation, that your use is for the sole purpose of 
programming logic devices manufactured by Altera and sold by 
Altera or its authorized distributors.  Please refer to the 
applicable agreement for further details.



+--------------------------------------------------------------------------------------+
; Analysis & Synthesis Summary                                                         ;
+------------------------------------+-------------------------------------------------+
; Analysis & Synthesis Status        ; Failed - Fri Apr  3 10:28:47 2026               ;
; Quartus II 32-bit Version          ; 13.0.1 Build 232 06/12/2013 SP 1 SJ Web Edition ;
; Revision Name                      ; cpu_on_board                                    ;
; Top-level Entity Name              ; cpu_on_board                                    ;
; Family                             ; Cyclone II                                      ;
; Total logic elements               ; N/A until Partition Merge                       ;
;     Total combinational functions  ; N/A until Partition Merge                       ;
;     Dedicated logic registers      ; N/A until Partition Merge                       ;
; Total registers                    ; N/A until Partition Merge                       ;
; Total pins                         ; N/A until Partition Merge                       ;
; Total virtual pins                 ; N/A until Partition Merge                       ;
; Total memory bits                  ; N/A until Partition Merge                       ;
; Embedded Multiplier 9-bit elements ; N/A until Partition Merge                       ;
; Total PLLs                         ; N/A until Partition Merge                       ;
+------------------------------------+-------------------------------------------------+


+----------------------------------------------------------------------------------------------------------------------+
; Analysis & Synthesis Settings                                                                                        ;
+----------------------------------------------------------------------------+--------------------+--------------------+
; Option                                                                     ; Setting            ; Default Value      ;
+----------------------------------------------------------------------------+--------------------+--------------------+
; Device                                                                     ; EP2C20F484C7       ;                    ;
; Top-level entity name                                                      ; cpu_on_board       ; cpu_on_board       ;
; Family name                                                                ; Cyclone II         ; Cyclone IV GX      ;
; Verilog Show LMF Mapping Messages                                          ; Off                ;                    ;
; Verilog Version                                                            ; SystemVerilog_2005 ; Verilog_2001       ;
; Perform WYSIWYG Primitive Resynthesis                                      ; On                 ; Off                ;
; Allow Any RAM Size For Recognition                                         ; On                 ; Off                ;
; HDL message level                                                          ; Level3             ; Level2             ;
; Use smart compilation                                                      ; Off                ; Off                ;
; Enable parallel Assembler and TimeQuest Timing Analyzer during compilation ; On                 ; On                 ;
; Enable compact report table                                                ; Off                ; Off                ;
; Restructure Multiplexers                                                   ; Auto               ; Auto               ;
; Create Debugging Nodes for IP Cores                                        ; Off                ; Off                ;
; Preserve fewer node names                                                  ; On                 ; On                 ;
; Disable OpenCore Plus hardware evaluation                                  ; Off                ; Off                ;
; VHDL Version                                                               ; VHDL_1993          ; VHDL_1993          ;
; State Machine Processing                                                   ; Auto               ; Auto               ;
; Safe State Machine                                                         ; Off                ; Off                ;
; Extract Verilog State Machines                                             ; On                 ; On                 ;
; Extract VHDL State Machines                                                ; On                 ; On                 ;
; Ignore Verilog initial constructs                                          ; Off                ; Off                ;
; Iteration limit for constant Verilog loops                                 ; 5000               ; 5000               ;
; Iteration limit for non-constant Verilog loops                             ; 250                ; 250                ;
; Add Pass-Through Logic to Inferred RAMs                                    ; On                 ; On                 ;
; Infer RAMs from Raw Logic                                                  ; On                 ; On                 ;
; Parallel Synthesis                                                         ; On                 ; On                 ;
; DSP Block Balancing                                                        ; Auto               ; Auto               ;
; NOT Gate Push-Back                                                         ; On                 ; On                 ;
; Power-Up Don't Care                                                        ; On                 ; On                 ;
; Remove Redundant Logic Cells                                               ; Off                ; Off                ;
; Remove Duplicate Registers                                                 ; On                 ; On                 ;
; Ignore CARRY Buffers                                                       ; Off                ; Off                ;
; Ignore CASCADE Buffers                                                     ; Off                ; Off                ;
; Ignore GLOBAL Buffers                                                      ; Off                ; Off                ;
; Ignore ROW GLOBAL Buffers                                                  ; Off                ; Off                ;
; Ignore LCELL Buffers                                                       ; Off                ; Off                ;
; Ignore SOFT Buffers                                                        ; On                 ; On                 ;
; Limit AHDL Integers to 32 Bits                                             ; Off                ; Off                ;
; Optimization Technique                                                     ; Balanced           ; Balanced           ;
; Carry Chain Length                                                         ; 70                 ; 70                 ;
; Auto Carry Chains                                                          ; On                 ; On                 ;
; Auto Open-Drain Pins                                                       ; On                 ; On                 ;
; Auto ROM Replacement                                                       ; On                 ; On                 ;
; Auto RAM Replacement                                                       ; On                 ; On                 ;
; Auto Shift Register Replacement                                            ; Auto               ; Auto               ;
; Allow Shift Register Merging across Hierarchies                            ; Auto               ; Auto               ;
; Auto Clock Enable Replacement                                              ; On                 ; On                 ;
; Strict RAM Replacement                                                     ; Off                ; Off                ;
; Allow Synchronous Control Signals                                          ; On                 ; On                 ;
; Force Use of Synchronous Clear Signals                                     ; Off                ; Off                ;
; Auto RAM to Logic Cell Conversion                                          ; Off                ; Off                ;
; Auto Resource Sharing                                                      ; Off                ; Off                ;
; Allow Any ROM Size For Recognition                                         ; Off                ; Off                ;
; Allow Any Shift Register Size For Recognition                              ; Off                ; Off                ;
; Use LogicLock Constraints during Resource Balancing                        ; On                 ; On                 ;
; Ignore translate_off and synthesis_off directives                          ; Off                ; Off                ;
; Timing-Driven Synthesis                                                    ; Off                ; Off                ;
; Report Parameter Settings                                                  ; On                 ; On                 ;
; Report Source Assignments                                                  ; On                 ; On                 ;
; Report Connectivity Checks                                                 ; On                 ; On                 ;
; Ignore Maximum Fan-Out Assignments                                         ; Off                ; Off                ;
; Synchronization Register Chain Length                                      ; 2                  ; 2                  ;
; PowerPlay Power Optimization                                               ; Normal compilation ; Normal compilation ;
; Suppress Register Optimization Related Messages                            ; Off                ; Off                ;
; Number of Removed Registers Reported in Synthesis Report                   ; 5000               ; 5000               ;
; Number of Swept Nodes Reported in Synthesis Report                         ; 5000               ; 5000               ;
; Number of Inverted Registers Reported in Synthesis Report                  ; 100                ; 100                ;
; Clock MUX Protection                                                       ; On                 ; On                 ;
; Auto Gated Clock Conversion                                                ; Off                ; Off                ;
; Block Design Naming                                                        ; Auto               ; Auto               ;
; SDC constraint protection                                                  ; Off                ; Off                ;
; Synthesis Effort                                                           ; Auto               ; Auto               ;
; Shift Register Replacement - Allow Asynchronous Clear Signal               ; On                 ; On                 ;
; Pre-Mapping Resynthesis Optimization                                       ; Off                ; Off                ;
; Analysis & Synthesis Message Level                                         ; Medium             ; Medium             ;
; Disable Register Merging Across Hierarchies                                ; Auto               ; Auto               ;
; Resource Aware Inference For Block RAM                                     ; On                 ; On                 ;
; Synthesis Seed                                                             ; 1                  ; 1                  ;
+----------------------------------------------------------------------------+--------------------+--------------------+


+------------------------------------------+
; Parallel Compilation                     ;
+----------------------------+-------------+
; Processors                 ; Number      ;
+----------------------------+-------------+
; Number detected on machine ; 2           ;
; Maximum allowed            ; 2           ;
;                            ;             ;
; Average used               ; 1.00        ;
; Maximum used               ; 1           ;
;                            ;             ;
; Usage by Processor         ; % Time Used ;
;     Processor 1            ; 100.0%      ;
;     Processor 2            ;   0.0%      ;
+----------------------------+-------------+


+-------------------------------------------------------------------------------------------------------------------------------------------------------------------------------------------------------------------------------------------------------------------------+
; Analysis & Synthesis IP Cores Summary                                                                                                                                                                                                                                   ;
+--------+-------------------------+-------------+--------------+--------------+---------------------------------------------------------------------------------------------------------------------------------+--------------------------------------------------------+
; Vendor ; IP Core Name            ; Version     ; Release Date ; License Type ; Entity Instance                                                                                                                 ; IP Include File                                        ;
+--------+-------------------------+-------------+--------------+--------------+---------------------------------------------------------------------------------------------------------------------------------+--------------------------------------------------------+
; Altera ; Qsys                    ; 13.0sp1     ; N/A          ; N/A          ; |cpu_on_board|jtag_uart_system:my_jtag_system                                                                                   ; jtag_uart_system/synthesis/../../jtag_uart_system.qsys ;
; Altera ; altera_avalon_jtag_uart ; 13.0.1.99.2 ; N/A          ; N/A          ; |cpu_on_board|jtag_uart_system:my_jtag_system|jtag_uart_system_jtag_uart_0:jtag_uart_0                                          ; jtag_uart_system/synthesis/../../jtag_uart_system.qsys ;
; Altera ; altera_reset_controller ; 13.0        ; N/A          ; N/A          ; |cpu_on_board|jtag_uart_system:my_jtag_system|altera_reset_controller:rst_controller                                            ; jtag_uart_system/synthesis/../../jtag_uart_system.qsys ;
; Altera ; altera_avalon_jtag_uart ; 13.0.1.99.2 ; N/A          ; N/A          ; |cpu_on_board|jtag_uart_system:my_jtag_system|altera_reset_controller:rst_controller|altera_reset_synchronizer:alt_rst_sync_uq1 ; jtag_uart_system/synthesis/../../jtag_uart_system.qsys ;
+--------+-------------------------+-------------+--------------+--------------+---------------------------------------------------------------------------------------------------------------------------------+--------------------------------------------------------+


+-------------------------------+
; Analysis & Synthesis Messages ;
+-------------------------------+
Info: *******************************************************************
Info: Running Quartus II 32-bit Analysis & Synthesis
    Info: Version 13.0.1 Build 232 06/12/2013 Service Pack 1 SJ Web Edition
    Info: Copyright (C) 1991-2013 Altera Corporation. All rights reserved.
    Info: Your use of Altera Corporation's design tools, logic functions 
    Info: and other software and tools, and its AMPP partner logic 
    Info: functions, and any output files from any of the foregoing 
    Info: (including device programming or simulation files), and any 
    Info: associated documentation or information are expressly subject 
    Info: to the terms and conditions of the Altera Program License 
    Info: Subscription Agreement, Altera MegaCore Function License 
    Info: Agreement, or other applicable license agreement, including, 
    Info: without limitation, that your use is for the sole purpose of 
    Info: programming logic devices manufactured by Altera and sold by 
    Info: Altera or its authorized distributors.  Please refer to the 
    Info: applicable agreement for further details.
    Info: Processing started: Fri Apr  3 10:28:41 2026
Info: Command: quartus_map --read_settings_files=on --write_settings_files=off cpu_on_board -c cpu_on_board
Info (20030): Parallel compilation is enabled and will use 2 of the 2 processors detected
Info (12021): Found 1 design units, including 1 entities, in source file jtag_uart_system/synthesis/jtag_uart_system.v
    Info (12023): Found entity 1: jtag_uart_system
Info (12021): Found 1 design units, including 1 entities, in source file jtag_uart_system/synthesis/submodules/altera_reset_controller.v
    Info (12023): Found entity 1: altera_reset_controller
Info (12021): Found 1 design units, including 1 entities, in source file jtag_uart_system/synthesis/submodules/altera_reset_synchronizer.v
    Info (12023): Found entity 1: altera_reset_synchronizer
Info (12021): Found 5 design units, including 5 entities, in source file jtag_uart_system/synthesis/submodules/jtag_uart_system_jtag_uart_0.v
    Info (12023): Found entity 1: jtag_uart_system_jtag_uart_0_sim_scfifo_w
    Info (12023): Found entity 2: jtag_uart_system_jtag_uart_0_scfifo_w
    Info (12023): Found entity 3: jtag_uart_system_jtag_uart_0_sim_scfifo_r
    Info (12023): Found entity 4: jtag_uart_system_jtag_uart_0_scfifo_r
    Info (12023): Found entity 5: jtag_uart_system_jtag_uart_0
Warning (10335): Unrecognized synthesis attribute "ram_style" at cpu_on_board.v(245)
Warning (10335): Unrecognized synthesis attribute "ram_style" at cpu_on_board.v(622)
Info (12021): Found 1 design units, including 1 entities, in source file cpu_on_board.v
    Info (12023): Found entity 1: cpu_on_board
Info (12021): Found 1 design units, including 1 entities, in source file sdram_pll/sdram/synthesis/sdram_pll.v
    Info (12023): Found entity 1: sdram_pll
Info (12021): Found 1 design units, including 1 entities, in source file sdram_pll/sdram/synthesis/submodules/altera_reset_controller.v
    Info (12023): Found entity 1: altera_reset_controller
Info (12021): Found 1 design units, including 1 entities, in source file sdram_pll/sdram/synthesis/submodules/altera_reset_synchronizer.v
    Info (12023): Found entity 1: altera_reset_synchronizer
Info (12021): Found 3 design units, including 3 entities, in source file sdram_pll/sdram/synthesis/submodules/sdram_pll_altpll_0.v
    Info (12023): Found entity 1: sdram_pll_altpll_0_dffpipe_l2c
    Info (12023): Found entity 2: sdram_pll_altpll_0_stdsync_sv6
    Info (12023): Found entity 3: sdram_pll_altpll_0
Info (12127): Elaborating entity "cpu_on_board" for the top level hierarchy
Info (10035): Verilog HDL or VHDL information at cpu_on_board.v(103): object "i" declared but not used
Warning (10036): Verilog HDL or VHDL warning at cpu_on_board.v(256): object "Rom_selected" assigned a value but never read
Warning (10036): Verilog HDL or VHDL warning at cpu_on_board.v(262): object "Sdc_write_selected" assigned a value but never read
Warning (10036): Verilog HDL or VHDL warning at cpu_on_board.v(626): object "do_read" assigned a value but never read
Info (10662): Verilog HDL Assignment information at cpu_on_board.v(89): truncated unsized constant literal with size 32 to size 1 with no loss of information
Info (10662): Verilog HDL Assignment information at cpu_on_board.v(306): truncated unsized constant literal with size 32 to size 1 with no loss of information
Info (10662): Verilog HDL Assignment information at cpu_on_board.v(307): truncated unsized constant literal with size 32 to size 1 with no loss of information
Warning (10040): Verilog HDL or VHDL arithmetic warning at cpu_on_board.v(309): loss of carry in addition or borrow in subtraction
Warning (10230): Verilog HDL assignment warning at cpu_on_board.v(309): truncated value with size 64 to match size of target (5)
Info (10662): Verilog HDL Assignment information at cpu_on_board.v(313): truncated unsized constant literal with size 32 to size 1 with no loss of information
Info (10662): Verilog HDL Assignment information at cpu_on_board.v(314): truncated unsized constant literal with size 32 to size 1 with no loss of information
Info (10662): Verilog HDL Assignment information at cpu_on_board.v(320): truncated unsized constant literal with size 32 to size 1 with no loss of information
Info (10662): Verilog HDL Assignment information at cpu_on_board.v(321): truncated unsized constant literal with size 32 to size 1 with no loss of information
Info (10662): Verilog HDL Assignment information at cpu_on_board.v(322): truncated unsized constant literal with size 32 to size 1 with no loss of information
Info (10662): Verilog HDL Assignment information at cpu_on_board.v(325): truncated unsized constant literal with size 32 to size 1 with no loss of information
Info (10662): Verilog HDL Assignment information at cpu_on_board.v(332): truncated unsized constant literal with size 32 to size 1 with no loss of information
Info (10662): Verilog HDL Assignment information at cpu_on_board.v(333): truncated unsized constant literal with size 32 to size 1 with no loss of information
Info (10662): Verilog HDL Assignment information at cpu_on_board.v(335): truncated unsized constant literal with size 32 to size 1 with no loss of information
Info (10662): Verilog HDL Assignment information at cpu_on_board.v(339): truncated unsized constant literal with size 32 to size 1 with no loss of information
Info (10662): Verilog HDL Assignment information at cpu_on_board.v(340): truncated unsized constant literal with size 32 to size 1 with no loss of information
Warning (10040): Verilog HDL or VHDL arithmetic warning at cpu_on_board.v(351): loss of carry in addition or borrow in subtraction
Info (10662): Verilog HDL Assignment information at cpu_on_board.v(352): truncated unsized constant literal with size 32 to size 1 with no loss of information
Info (10264): Verilog HDL Case Statement information at cpu_on_board.v(350): all case item expressions in this case statement are onehot
Info (10662): Verilog HDL Assignment information at cpu_on_board.v(363): truncated unsized constant literal with size 32 to size 1 with no loss of information
Info (10662): Verilog HDL Assignment information at cpu_on_board.v(367): truncated unsized constant literal with size 32 to size 1 with no loss of information
Warning (10230): Verilog HDL assignment warning at cpu_on_board.v(372): truncated value with size 32 to match size of target (12)
Warning (10230): Verilog HDL assignment warning at cpu_on_board.v(373): truncated value with size 32 to match size of target (12)
Warning (10230): Verilog HDL assignment warning at cpu_on_board.v(374): truncated value with size 32 to match size of target (12)
Warning (10230): Verilog HDL assignment warning at cpu_on_board.v(375): truncated value with size 32 to match size of target (12)
Warning (10230): Verilog HDL assignment warning at cpu_on_board.v(376): truncated value with size 32 to match size of target (12)
Warning (10230): Verilog HDL assignment warning at cpu_on_board.v(377): truncated value with size 32 to match size of target (12)
Warning (10230): Verilog HDL assignment warning at cpu_on_board.v(378): truncated value with size 32 to match size of target (12)
Info (10662): Verilog HDL Assignment information at cpu_on_board.v(379): truncated unsized constant literal with size 32 to size 1 with no loss of information
Info (10662): Verilog HDL Assignment information at cpu_on_board.v(382): truncated unsized constant literal with size 32 to size 1 with no loss of information
Info (10662): Verilog HDL Assignment information at cpu_on_board.v(384): truncated unsized constant literal with size 32 to size 1 with no loss of information
Info (10662): Verilog HDL Assignment information at cpu_on_board.v(385): truncated unsized constant literal with size 32 to size 1 with no loss of information
Info (10662): Verilog HDL Assignment information at cpu_on_board.v(388): truncated unsized constant literal with size 32 to size 1 with no loss of information
Info (10662): Verilog HDL Assignment information at cpu_on_board.v(389): truncated unsized constant literal with size 32 to size 1 with no loss of information
Info (10662): Verilog HDL Assignment information at cpu_on_board.v(393): truncated unsized constant literal with size 32 to size 1 with no loss of information
Info (10662): Verilog HDL Assignment information at cpu_on_board.v(394): truncated unsized constant literal with size 32 to size 1 with no loss of information
Info (10662): Verilog HDL Assignment information at cpu_on_board.v(402): truncated unsized constant literal with size 32 to size 1 with no loss of information
Warning (10271): Verilog HDL Case Statement warning at cpu_on_board.v(405): size of case item expression (32) exceeds the size of the case expression (1)
Warning (10271): Verilog HDL Case Statement warning at cpu_on_board.v(406): size of case item expression (32) exceeds the size of the case expression (1)
Info (10662): Verilog HDL Assignment information at cpu_on_board.v(408): truncated unsized constant literal with size 32 to size 1 with no loss of information
Info (10264): Verilog HDL Case Statement information at cpu_on_board.v(401): all case item expressions in this case statement are onehot
Info (10662): Verilog HDL Assignment information at cpu_on_board.v(414): truncated unsized constant literal with size 32 to size 1 with no loss of information
Warning (10271): Verilog HDL Case Statement warning at cpu_on_board.v(417): size of case item expression (32) exceeds the size of the case expression (1)
Warning (10271): Verilog HDL Case Statement warning at cpu_on_board.v(418): size of case item expression (32) exceeds the size of the case expression (1)
Info (10662): Verilog HDL Assignment information at cpu_on_board.v(420): truncated unsized constant literal with size 32 to size 1 with no loss of information
Info (10264): Verilog HDL Case Statement information at cpu_on_board.v(413): all case item expressions in this case statement are onehot
Info (10662): Verilog HDL Assignment information at cpu_on_board.v(426): truncated unsized constant literal with size 32 to size 1 with no loss of information
Info (10662): Verilog HDL Assignment information at cpu_on_board.v(427): truncated unsized constant literal with size 32 to size 1 with no loss of information
Info (10264): Verilog HDL Case Statement information at cpu_on_board.v(425): all case item expressions in this case statement are onehot
Info (10662): Verilog HDL Assignment information at cpu_on_board.v(432): truncated unsized constant literal with size 32 to size 1 with no loss of information
Info (10662): Verilog HDL Assignment information at cpu_on_board.v(433): truncated unsized constant literal with size 32 to size 1 with no loss of information
Info (10264): Verilog HDL Case Statement information at cpu_on_board.v(431): all case item expressions in this case statement are onehot
Info (10662): Verilog HDL Assignment information at cpu_on_board.v(438): truncated unsized constant literal with size 32 to size 1 with no loss of information
Info (10662): Verilog HDL Assignment information at cpu_on_board.v(439): truncated unsized constant literal with size 32 to size 1 with no loss of information
Warning (10230): Verilog HDL assignment warning at cpu_on_board.v(441): truncated value with size 32 to match size of target (22)
Info (10662): Verilog HDL Assignment information at cpu_on_board.v(441): truncated unsized constant literal with size 32 to size 1 with no loss of information
Info (10662): Verilog HDL Assignment information at cpu_on_board.v(442): truncated unsized constant literal with size 32 to size 1 with no loss of information
Info (10264): Verilog HDL Case Statement information at cpu_on_board.v(437): all case item expressions in this case statement are onehot
Info (10662): Verilog HDL Assignment information at cpu_on_board.v(447): truncated unsized constant literal with size 32 to size 1 with no loss of information
Info (10662): Verilog HDL Assignment information at cpu_on_board.v(448): truncated unsized constant literal with size 32 to size 1 with no loss of information
Warning (10230): Verilog HDL assignment warning at cpu_on_board.v(450): truncated value with size 32 to match size of target (22)
Info (10662): Verilog HDL Assignment information at cpu_on_board.v(450): truncated unsized constant literal with size 32 to size 1 with no loss of information
Info (10662): Verilog HDL Assignment information at cpu_on_board.v(451): truncated unsized constant literal with size 32 to size 1 with no loss of information
Info (10264): Verilog HDL Case Statement information at cpu_on_board.v(446): all case item expressions in this case statement are onehot
Info (10662): Verilog HDL Assignment information at cpu_on_board.v(467): truncated unsized constant literal with size 32 to size 1 with no loss of information
Info (10662): Verilog HDL Assignment information at cpu_on_board.v(468): truncated unsized constant literal with size 32 to size 1 with no loss of information
Warning (10230): Verilog HDL assignment warning at cpu_on_board.v(470): truncated value with size 32 to match size of target (22)
Info (10662): Verilog HDL Assignment information at cpu_on_board.v(470): truncated unsized constant literal with size 32 to size 1 with no loss of information
Info (10662): Verilog HDL Assignment information at cpu_on_board.v(471): truncated unsized constant literal with size 32 to size 1 with no loss of information
Warning (10230): Verilog HDL assignment warning at cpu_on_board.v(473): truncated value with size 32 to match size of target (22)
Info (10662): Verilog HDL Assignment information at cpu_on_board.v(473): truncated unsized constant literal with size 32 to size 1 with no loss of information
Info (10662): Verilog HDL Assignment information at cpu_on_board.v(474): truncated unsized constant literal with size 32 to size 1 with no loss of information
Warning (10230): Verilog HDL assignment warning at cpu_on_board.v(476): truncated value with size 32 to match size of target (22)
Info (10662): Verilog HDL Assignment information at cpu_on_board.v(476): truncated unsized constant literal with size 32 to size 1 with no loss of information
Info (10662): Verilog HDL Assignment information at cpu_on_board.v(477): truncated unsized constant literal with size 32 to size 1 with no loss of information
Info (10662): Verilog HDL Assignment information at cpu_on_board.v(484): truncated unsized constant literal with size 32 to size 1 with no loss of information
Info (10662): Verilog HDL Assignment information at cpu_on_board.v(485): truncated unsized constant literal with size 32 to size 1 with no loss of information
Info (10662): Verilog HDL Assignment information at cpu_on_board.v(487): truncated unsized constant literal with size 32 to size 1 with no loss of information
Info (10662): Verilog HDL Assignment information at cpu_on_board.v(488): truncated unsized constant literal with size 32 to size 1 with no loss of information
Info (10662): Verilog HDL Assignment information at cpu_on_board.v(489): truncated unsized constant literal with size 32 to size 1 with no loss of information
Info (10662): Verilog HDL Assignment information at cpu_on_board.v(491): truncated unsized constant literal with size 32 to size 1 with no loss of information
Info (10662): Verilog HDL Assignment information at cpu_on_board.v(492): truncated unsized constant literal with size 32 to size 1 with no loss of information
Info (10662): Verilog HDL Assignment information at cpu_on_board.v(493): truncated unsized constant literal with size 32 to size 1 with no loss of information
Info (10662): Verilog HDL Assignment information at cpu_on_board.v(509): truncated unsized constant literal with size 32 to size 1 with no loss of information
Info (10662): Verilog HDL Assignment information at cpu_on_board.v(514): truncated unsized constant literal with size 32 to size 1 with no loss of information
Info (10662): Verilog HDL Assignment information at cpu_on_board.v(516): truncated unsized constant literal with size 32 to size 1 with no loss of information
Info (10662): Verilog HDL Assignment information at cpu_on_board.v(519): truncated unsized constant literal with size 32 to size 1 with no loss of information
Info (10662): Verilog HDL Assignment information at cpu_on_board.v(520): truncated unsized constant literal with size 32 to size 1 with no loss of information
Info (10264): Verilog HDL Case Statement information at cpu_on_board.v(518): all case item expressions in this case statement are onehot
Info (10662): Verilog HDL Assignment information at cpu_on_board.v(526): truncated unsized constant literal with size 32 to size 1 with no loss of information
Info (10662): Verilog HDL Assignment information at cpu_on_board.v(528): truncated unsized constant literal with size 32 to size 1 with no loss of information
Info (10662): Verilog HDL Assignment information at cpu_on_board.v(532): truncated unsized constant literal with size 32 to size 1 with no loss of information
Info (10662): Verilog HDL Assignment information at cpu_on_board.v(533): truncated unsized constant literal with size 32 to size 1 with no loss of information
Info (10662): Verilog HDL Assignment information at cpu_on_board.v(535): truncated unsized constant literal with size 32 to size 1 with no loss of information
Info (10662): Verilog HDL Assignment information at cpu_on_board.v(543): truncated unsized constant literal with size 32 to size 1 with no loss of information
Info (10662): Verilog HDL Assignment information at cpu_on_board.v(546): truncated unsized constant literal with size 32 to size 1 with no loss of information
Info (10662): Verilog HDL Assignment information at cpu_on_board.v(548): truncated unsized constant literal with size 32 to size 1 with no loss of information
Info (10662): Verilog HDL Assignment information at cpu_on_board.v(549): truncated unsized constant literal with size 32 to size 1 with no loss of information
Warning (10230): Verilog HDL assignment warning at cpu_on_board.v(552): truncated value with size 64 to match size of target (3)
Info (10662): Verilog HDL Assignment information at cpu_on_board.v(552): truncated unsized constant literal with size 32 to size 1 with no loss of information
Warning (10230): Verilog HDL assignment warning at cpu_on_board.v(554): truncated value with size 64 to match size of target (32)
Info (10662): Verilog HDL Assignment information at cpu_on_board.v(554): truncated unsized constant literal with size 32 to size 1 with no loss of information
Warning (10230): Verilog HDL assignment warning at cpu_on_board.v(555): truncated value with size 64 to match size of target (3)
Info (10662): Verilog HDL Assignment information at cpu_on_board.v(555): truncated unsized constant literal with size 32 to size 1 with no loss of information
Info (10662): Verilog HDL Assignment information at cpu_on_board.v(556): truncated unsized constant literal with size 32 to size 1 with no loss of information
Warning (10230): Verilog HDL assignment warning at cpu_on_board.v(559): truncated value with size 64 to match size of target (32)
Info (10662): Verilog HDL Assignment information at cpu_on_board.v(559): truncated unsized constant literal with size 32 to size 1 with no loss of information
Warning (10230): Verilog HDL assignment warning at cpu_on_board.v(560): truncated value with size 64 to match size of target (3)
Info (10662): Verilog HDL Assignment information at cpu_on_board.v(560): truncated unsized constant literal with size 32 to size 1 with no loss of information
Info (10662): Verilog HDL Assignment information at cpu_on_board.v(561): truncated unsized constant literal with size 32 to size 1 with no loss of information
Info (10662): Verilog HDL Assignment information at cpu_on_board.v(572): truncated unsized constant literal with size 32 to size 1 with no loss of information
Info (10662): Verilog HDL Assignment information at cpu_on_board.v(576): truncated unsized constant literal with size 32 to size 1 with no loss of information
Info (10264): Verilog HDL Case Statement information at cpu_on_board.v(569): all case item expressions in this case statement are onehot
Info (10662): Verilog HDL Assignment information at cpu_on_board.v(581): truncated unsized constant literal with size 32 to size 1 with no loss of information
Info (10662): Verilog HDL Assignment information at cpu_on_board.v(582): truncated unsized constant literal with size 32 to size 1 with no loss of information
Info (10264): Verilog HDL Case Statement information at cpu_on_board.v(580): all case item expressions in this case statement are onehot
Info (10662): Verilog HDL Assignment information at cpu_on_board.v(587): truncated unsized constant literal with size 32 to size 1 with no loss of information
Info (10662): Verilog HDL Assignment information at cpu_on_board.v(588): truncated unsized constant literal with size 32 to size 1 with no loss of information
Warning (10230): Verilog HDL assignment warning at cpu_on_board.v(590): truncated value with size 32 to match size of target (22)
Info (10662): Verilog HDL Assignment information at cpu_on_board.v(590): truncated unsized constant literal with size 32 to size 1 with no loss of information
Info (10662): Verilog HDL Assignment information at cpu_on_board.v(591): truncated unsized constant literal with size 32 to size 1 with no loss of information
Info (10264): Verilog HDL Case Statement information at cpu_on_board.v(586): all case item expressions in this case statement are onehot
Info (10662): Verilog HDL Assignment information at cpu_on_board.v(596): truncated unsized constant literal with size 32 to size 1 with no loss of information
Info (10662): Verilog HDL Assignment information at cpu_on_board.v(597): truncated unsized constant literal with size 32 to size 1 with no loss of information
Warning (10230): Verilog HDL assignment warning at cpu_on_board.v(599): truncated value with size 32 to match size of target (22)
Info (10662): Verilog HDL Assignment information at cpu_on_board.v(599): truncated unsized constant literal with size 32 to size 1 with no loss of information
Info (10662): Verilog HDL Assignment information at cpu_on_board.v(600): truncated unsized constant literal with size 32 to size 1 with no loss of information
Warning (10230): Verilog HDL assignment warning at cpu_on_board.v(602): truncated value with size 32 to match size of target (22)
Info (10662): Verilog HDL Assignment information at cpu_on_board.v(602): truncated unsized constant literal with size 32 to size 1 with no loss of information
Info (10662): Verilog HDL Assignment information at cpu_on_board.v(603): truncated unsized constant literal with size 32 to size 1 with no loss of information
Warning (10230): Verilog HDL assignment warning at cpu_on_board.v(605): truncated value with size 32 to match size of target (22)
Info (10662): Verilog HDL Assignment information at cpu_on_board.v(605): truncated unsized constant literal with size 32 to size 1 with no loss of information
Info (10662): Verilog HDL Assignment information at cpu_on_board.v(606): truncated unsized constant literal with size 32 to size 1 with no loss of information
Warning (10040): Verilog HDL or VHDL arithmetic warning at cpu_on_board.v(619): loss of carry in addition or borrow in subtraction
Warning (10230): Verilog HDL assignment warning at cpu_on_board.v(619): truncated value with size 64 to match size of target (12)
Info (10662): Verilog HDL Assignment information at cpu_on_board.v(623): truncated unsized constant literal with size 32 to size 10 with no loss of information
Info (10662): Verilog HDL Assignment information at cpu_on_board.v(624): truncated unsized constant literal with size 32 to size 1 with no loss of information
Info (10662): Verilog HDL Assignment information at cpu_on_board.v(625): truncated unsized constant literal with size 32 to size 1 with no loss of information
Info (10662): Verilog HDL Assignment information at cpu_on_board.v(626): truncated unsized constant literal with size 32 to size 1 with no loss of information
Info (10662): Verilog HDL Assignment information at cpu_on_board.v(631): truncated unsized constant literal with size 32 to size 10 with no loss of information
Info (10662): Verilog HDL Assignment information at cpu_on_board.v(632): truncated unsized constant literal with size 32 to size 1 with no loss of information
Info (10662): Verilog HDL Assignment information at cpu_on_board.v(633): truncated unsized constant literal with size 32 to size 1 with no loss of information
Info (10662): Verilog HDL Assignment information at cpu_on_board.v(635): truncated unsized constant literal with size 32 to size 1 with no loss of information
Info (10662): Verilog HDL Assignment information at cpu_on_board.v(636): truncated unsized constant literal with size 32 to size 1 with no loss of information
Warning (10230): Verilog HDL assignment warning at cpu_on_board.v(643): truncated value with size 32 to match size of target (10)
Info (10662): Verilog HDL Assignment information at cpu_on_board.v(644): truncated unsized constant literal with size 32 to size 1 with no loss of information
Info (10662): Verilog HDL Assignment information at cpu_on_board.v(653): truncated unsized constant literal with size 32 to size 1 with no loss of information
Info (10662): Verilog HDL Assignment information at cpu_on_board.v(653): truncated unsized constant literal with size 32 to size 10 with no loss of information
Info (10662): Verilog HDL Assignment information at cpu_on_board.v(656): truncated unsized constant literal with size 32 to size 1 with no loss of information
Info (10662): Verilog HDL Assignment information at cpu_on_board.v(657): truncated unsized constant literal with size 32 to size 10 with no loss of information
Info (10662): Verilog HDL Assignment information at cpu_on_board.v(658): truncated unsized constant literal with size 32 to size 1 with no loss of information
Info (10662): Verilog HDL Assignment information at cpu_on_board.v(659): truncated unsized constant literal with size 32 to size 1 with no loss of information
Info (10662): Verilog HDL Assignment information at cpu_on_board.v(665): truncated unsized constant literal with size 32 to size 9 with no loss of information
Info (10662): Verilog HDL Assignment information at cpu_on_board.v(673): truncated unsized constant literal with size 32 to size 9 with no loss of information
Warning (10230): Verilog HDL assignment warning at cpu_on_board.v(674): truncated value with size 32 to match size of target (9)
Info (10662): Verilog HDL Assignment information at cpu_on_board.v(681): truncated unsized constant literal with size 32 to size 1 with no loss of information
Warning (10862): input port "PS2_CLK" at cpu_on_board.v(34) has no fan-out
Warning (10862): input port "PS2_DAT" at cpu_on_board.v(35) has no fan-out
Warning (12125): Using design file sdram_controller.v, which is not specified as a design file for the current project, but contains definitions for 1 design units and 1 entities in project
    Info (12023): Found entity 1: sdram_controller
Info (12128): Elaborating entity "sdram_controller" for hierarchy "sdram_controller:sdram_ctrl"
Warning (10040): Verilog HDL or VHDL arithmetic warning at sdram_controller.v(51): loss of carry in addition or borrow in subtraction
Warning (10040): Verilog HDL or VHDL arithmetic warning at sdram_controller.v(65): loss of carry in addition or borrow in subtraction
Warning (10040): Verilog HDL or VHDL arithmetic warning at sdram_controller.v(83): loss of carry in addition or borrow in subtraction
Warning (12125): Using design file clock_slower.v, which is not specified as a design file for the current project, but contains definitions for 1 design units and 1 entities in project
    Info (12023): Found entity 1: clock_slower
Info (12128): Elaborating entity "clock_slower" for hierarchy "clock_slower:clock_ins"
Info (10662): Verilog HDL Assignment information at clock_slower.v(8): truncated unsized constant literal with size 32 to size 1 with no loss of information
Info (10662): Verilog HDL Assignment information at clock_slower.v(9): truncated unsized constant literal with size 32 to size 25 with no loss of information
Info (10662): Verilog HDL Assignment information at clock_slower.v(13): truncated unsized constant literal with size 32 to size 1 with no loss of information
Info (10662): Verilog HDL Assignment information at clock_slower.v(14): truncated unsized constant literal with size 32 to size 25 with no loss of information
Info (10662): Verilog HDL Assignment information at clock_slower.v(21): truncated unsized constant literal with size 32 to size 25 with no loss of information
Warning (10230): Verilog HDL assignment warning at clock_slower.v(24): truncated value with size 32 to match size of target (25)
Info (12128): Elaborating entity "jtag_uart_system" for hierarchy "jtag_uart_system:my_jtag_system"
Info (12128): Elaborating entity "jtag_uart_system_jtag_uart_0" for hierarchy "jtag_uart_system:my_jtag_system|jtag_uart_system_jtag_uart_0:jtag_uart_0"
Info (12128): Elaborating entity "jtag_uart_system_jtag_uart_0_scfifo_w" for hierarchy "jtag_uart_system:my_jtag_system|jtag_uart_system_jtag_uart_0:jtag_uart_0|jtag_uart_system_jtag_uart_0_scfifo_w:the_jtag_uart_system_jtag_uart_0_scfifo_w"
Info (12128): Elaborating entity "scfifo" for hierarchy "jtag_uart_system:my_jtag_system|jtag_uart_system_jtag_uart_0:jtag_uart_0|jtag_uart_system_jtag_uart_0_scfifo_w:the_jtag_uart_system_jtag_uart_0_scfifo_w|scfifo:wfifo"
Info (12130): Elaborated megafunction instantiation "jtag_uart_system:my_jtag_system|jtag_uart_system_jtag_uart_0:jtag_uart_0|jtag_uart_system_jtag_uart_0_scfifo_w:the_jtag_uart_system_jtag_uart_0_scfifo_w|scfifo:wfifo"
Info (12133): Instantiated megafunction "jtag_uart_system:my_jtag_system|jtag_uart_system_jtag_uart_0:jtag_uart_0|jtag_uart_system_jtag_uart_0_scfifo_w:the_jtag_uart_system_jtag_uart_0_scfifo_w|scfifo:wfifo" with the following parameter:
    Info (12134): Parameter "lpm_hint" = "RAM_BLOCK_TYPE=AUTO"
    Info (12134): Parameter "lpm_numwords" = "1024"
    Info (12134): Parameter "lpm_showahead" = "OFF"
    Info (12134): Parameter "lpm_type" = "scfifo"
    Info (12134): Parameter "lpm_width" = "8"
    Info (12134): Parameter "lpm_widthu" = "10"
    Info (12134): Parameter "overflow_checking" = "OFF"
    Info (12134): Parameter "underflow_checking" = "OFF"
    Info (12134): Parameter "use_eab" = "ON"
Info (12021): Found 1 design units, including 1 entities, in source file db/scfifo_9r21.tdf
    Info (12023): Found entity 1: scfifo_9r21
Info (12128): Elaborating entity "scfifo_9r21" for hierarchy "jtag_uart_system:my_jtag_system|jtag_uart_system_jtag_uart_0:jtag_uart_0|jtag_uart_system_jtag_uart_0_scfifo_w:the_jtag_uart_system_jtag_uart_0_scfifo_w|scfifo:wfifo|scfifo_9r21:auto_generated"
Info (12021): Found 1 design units, including 1 entities, in source file db/a_dpfifo_g131.tdf
    Info (12023): Found entity 1: a_dpfifo_g131
Info (12128): Elaborating entity "a_dpfifo_g131" for hierarchy "jtag_uart_system:my_jtag_system|jtag_uart_system_jtag_uart_0:jtag_uart_0|jtag_uart_system_jtag_uart_0_scfifo_w:the_jtag_uart_system_jtag_uart_0_scfifo_w|scfifo:wfifo|scfifo_9r21:auto_generated|a_dpfifo_g131:dpfifo"
Info (12021): Found 1 design units, including 1 entities, in source file db/a_fefifo_fgf.tdf
    Info (12023): Found entity 1: a_fefifo_fgf
Info (12128): Elaborating entity "a_fefifo_fgf" for hierarchy "jtag_uart_system:my_jtag_system|jtag_uart_system_jtag_uart_0:jtag_uart_0|jtag_uart_system_jtag_uart_0_scfifo_w:the_jtag_uart_system_jtag_uart_0_scfifo_w|scfifo:wfifo|scfifo_9r21:auto_generated|a_dpfifo_g131:dpfifo|a_fefifo_fgf:fifo_state"
Info (12021): Found 1 design units, including 1 entities, in source file db/cntr_6l7.tdf
    Info (12023): Found entity 1: cntr_6l7
Info (12128): Elaborating entity "cntr_6l7" for hierarchy "jtag_uart_system:my_jtag_system|jtag_uart_system_jtag_uart_0:jtag_uart_0|jtag_uart_system_jtag_uart_0_scfifo_w:the_jtag_uart_system_jtag_uart_0_scfifo_w|scfifo:wfifo|scfifo_9r21:auto_generated|a_dpfifo_g131:dpfifo|a_fefifo_fgf:fifo_state|cntr_6l7:count_usedw"
Info (12021): Found 1 design units, including 1 entities, in source file db/dpram_gi21.tdf
    Info (12023): Found entity 1: dpram_gi21
Info (12128): Elaborating entity "dpram_gi21" for hierarchy "jtag_uart_system:my_jtag_system|jtag_uart_system_jtag_uart_0:jtag_uart_0|jtag_uart_system_jtag_uart_0_scfifo_w:the_jtag_uart_system_jtag_uart_0_scfifo_w|scfifo:wfifo|scfifo_9r21:auto_generated|a_dpfifo_g131:dpfifo|dpram_gi21:FIFOram"
Info (12021): Found 1 design units, including 1 entities, in source file db/altsyncram_vvl1.tdf
    Info (12023): Found entity 1: altsyncram_vvl1
Info (12128): Elaborating entity "altsyncram_vvl1" for hierarchy "jtag_uart_system:my_jtag_system|jtag_uart_system_jtag_uart_0:jtag_uart_0|jtag_uart_system_jtag_uart_0_scfifo_w:the_jtag_uart_system_jtag_uart_0_scfifo_w|scfifo:wfifo|scfifo_9r21:auto_generated|a_dpfifo_g131:dpfifo|dpram_gi21:FIFOram|altsyncram_vvl1:altsyncram2"
Info (12021): Found 1 design units, including 1 entities, in source file db/altsyncram_1qe1.tdf
    Info (12023): Found entity 1: altsyncram_1qe1
Info (12128): Elaborating entity "altsyncram_1qe1" for hierarchy "jtag_uart_system:my_jtag_system|jtag_uart_system_jtag_uart_0:jtag_uart_0|jtag_uart_system_jtag_uart_0_scfifo_w:the_jtag_uart_system_jtag_uart_0_scfifo_w|scfifo:wfifo|scfifo_9r21:auto_generated|a_dpfifo_g131:dpfifo|dpram_gi21:FIFOram|altsyncram_vvl1:altsyncram2|altsyncram_1qe1:altsyncram3"
Info (12021): Found 1 design units, including 1 entities, in source file db/cntr_qkb.tdf
    Info (12023): Found entity 1: cntr_qkb
Info (12128): Elaborating entity "cntr_qkb" for hierarchy "jtag_uart_system:my_jtag_system|jtag_uart_system_jtag_uart_0:jtag_uart_0|jtag_uart_system_jtag_uart_0_scfifo_w:the_jtag_uart_system_jtag_uart_0_scfifo_w|scfifo:wfifo|scfifo_9r21:auto_generated|a_dpfifo_g131:dpfifo|cntr_qkb:rd_ptr_count"
Info (12128): Elaborating entity "jtag_uart_system_jtag_uart_0_scfifo_r" for hierarchy "jtag_uart_system:my_jtag_system|jtag_uart_system_jtag_uart_0:jtag_uart_0|jtag_uart_system_jtag_uart_0_scfifo_r:the_jtag_uart_system_jtag_uart_0_scfifo_r"
Info (12128): Elaborating entity "alt_jtag_atlantic" for hierarchy "jtag_uart_system:my_jtag_system|jtag_uart_system_jtag_uart_0:jtag_uart_0|alt_jtag_atlantic:jtag_uart_system_jtag_uart_0_alt_jtag_atlantic"
Info (12130): Elaborated megafunction instantiation "jtag_uart_system:my_jtag_system|jtag_uart_system_jtag_uart_0:jtag_uart_0|alt_jtag_atlantic:jtag_uart_system_jtag_uart_0_alt_jtag_atlantic"
Info (12133): Instantiated megafunction "jtag_uart_system:my_jtag_system|jtag_uart_system_jtag_uart_0:jtag_uart_0|alt_jtag_atlantic:jtag_uart_system_jtag_uart_0_alt_jtag_atlantic" with the following parameter:
    Info (12134): Parameter "INSTANCE_ID" = "0"
    Info (12134): Parameter "LOG2_RXFIFO_DEPTH" = "10"
    Info (12134): Parameter "LOG2_TXFIFO_DEPTH" = "10"
    Info (12134): Parameter "SLD_AUTO_INSTANCE_INDEX" = "YES"
Info (12128): Elaborating entity "altera_reset_controller" for hierarchy "jtag_uart_system:my_jtag_system|altera_reset_controller:rst_controller"
Info (10035): Verilog HDL or VHDL information at altera_reset_controller.v(31): object "NUM_RESET_INPUTS" declared but not used
Info (10035): Verilog HDL or VHDL information at altera_reset_controller.v(72): object "altera_reset_synchronizer_int_chain" declared but not used
Info (10035): Verilog HDL or VHDL information at altera_reset_controller.v(73): object "r_sync_rst_chain" declared but not used
Info (10035): Verilog HDL or VHDL information at altera_reset_controller.v(74): object "r_sync_rst_dly" declared but not used
Info (10035): Verilog HDL or VHDL information at altera_reset_controller.v(75): object "r_sync_rst" declared but not used
Info (10035): Verilog HDL or VHDL information at altera_reset_controller.v(76): object "r_early_rst" declared but not used
Info (12128): Elaborating entity "altera_reset_synchronizer" for hierarchy "jtag_uart_system:my_jtag_system|altera_reset_controller:rst_controller|altera_reset_synchronizer:alt_rst_sync_uq1"
Info (10662): Verilog HDL Assignment information at altera_reset_synchronizer.v(63): truncated unsized constant literal with size 32 to size 1 with no loss of information
Warning (10335): Unrecognized synthesis attribute "mark_debug" at sd_controller.v(70)
Warning (12125): Using design file sd_controller.v, which is not specified as a design file for the current project, but contains definitions for 1 design units and 1 entities in project
    Info (12023): Found entity 1: sd_controller
Info (12128): Elaborating entity "sd_controller" for hierarchy "sd_controller:sdctrl"
Warning (10036): Verilog HDL or VHDL warning at sd_controller.v(83): object "reset_counter" assigned a value but never read
Info (10662): Verilog HDL Assignment information at sd_controller.v(73): truncated unsized constant literal with size 32 to size 1 with no loss of information
Info (10662): Verilog HDL Assignment information at sd_controller.v(75): truncated unsized constant literal with size 32 to size 1 with no loss of information
Info (10662): Verilog HDL Assignment information at sd_controller.v(83): truncated unsized constant literal with size 32 to size 8 with no loss of information
Info (10662): Verilog HDL Assignment information at sd_controller.v(87): truncated unsized constant literal with size 32 to size 1 with no loss of information
Info (10662): Verilog HDL Assignment information at sd_controller.v(90): truncated unsized constant literal with size 32 to size 1 with no loss of information
Info (10662): Verilog HDL Assignment information at sd_controller.v(91): truncated unsized constant literal with size 32 to size 1 with no loss of information
Info (10662): Verilog HDL Assignment information at sd_controller.v(107): truncated unsized constant literal with size 32 to size 1 with no loss of information
Info (10662): Verilog HDL Assignment information at sd_controller.v(109): truncated unsized constant literal with size 32 to size 10 with no loss of information
Info (10662): Verilog HDL Assignment information at sd_controller.v(110): truncated unsized constant literal with size 32 to size 1 with no loss of information
Info (10662): Verilog HDL Assignment information at sd_controller.v(111): truncated unsized constant literal with size 32 to size 1 with no loss of information
Info (10662): Verilog HDL Assignment information at sd_controller.v(112): truncated unsized constant literal with size 32 to size 1 with no loss of information
Info (10662): Verilog HDL Assignment information at sd_controller.v(113): truncated unsized constant literal with size 32 to size 10 with no loss of information
Info (10662): Verilog HDL Assignment information at sd_controller.v(114): truncated unsized constant literal with size 32 to size 1 with no loss of information
Warning (10230): Verilog HDL assignment warning at sd_controller.v(119): truncated value with size 32 to match size of target (27)
Info (10662): Verilog HDL Assignment information at sd_controller.v(126): truncated unsized constant literal with size 32 to size 1 with no loss of information
Warning (10230): Verilog HDL assignment warning at sd_controller.v(130): truncated value with size 32 to match size of target (10)
Info (10662): Verilog HDL Assignment information at sd_controller.v(139): truncated unsized constant literal with size 32 to size 10 with no loss of information
Info (10662): Verilog HDL Assignment information at sd_controller.v(150): truncated unsized constant literal with size 32 to size 10 with no loss of information
Info (10662): Verilog HDL Assignment information at sd_controller.v(157): truncated unsized constant literal with size 32 to size 10 with no loss of information
Info (10662): Verilog HDL Assignment information at sd_controller.v(164): truncated unsized constant literal with size 32 to size 10 with no loss of information
Info (10662): Verilog HDL Assignment information at sd_controller.v(183): truncated unsized constant literal with size 32 to size 10 with no loss of information
Info (10662): Verilog HDL Assignment information at sd_controller.v(191): truncated unsized constant literal with size 32 to size 10 with no loss of information
Info (10662): Verilog HDL Assignment information at sd_controller.v(210): truncated unsized constant literal with size 32 to size 10 with no loss of information
Info (10662): Verilog HDL Assignment information at sd_controller.v(217): truncated unsized constant literal with size 32 to size 10 with no loss of information
Info (10662): Verilog HDL Assignment information at sd_controller.v(218): truncated unsized constant literal with size 32 to size 10 with no loss of information
Info (10662): Verilog HDL Assignment information at sd_controller.v(226): truncated unsized constant literal with size 32 to size 1 with no loss of information
Info (10662): Verilog HDL Assignment information at sd_controller.v(228): truncated unsized constant literal with size 32 to size 10 with no loss of information
Warning (10230): Verilog HDL assignment warning at sd_controller.v(233): truncated value with size 32 to match size of target (10)
Info (10662): Verilog HDL Assignment information at sd_controller.v(235): truncated unsized constant literal with size 32 to size 10 with no loss of information
Info (10662): Verilog HDL Assignment information at sd_controller.v(240): truncated unsized constant literal with size 32 to size 10 with no loss of information
Warning (10230): Verilog HDL assignment warning at sd_controller.v(250): truncated value with size 32 to match size of target (10)
Info (10662): Verilog HDL Assignment information at sd_controller.v(259): truncated unsized constant literal with size 32 to size 8 with no loss of information
Info (10662): Verilog HDL Assignment information at sd_controller.v(261): truncated unsized constant literal with size 32 to size 10 with no loss of information
Info (10662): Verilog HDL Assignment information at sd_controller.v(262): truncated unsized constant literal with size 32 to size 10 with no loss of information
Info (10662): Verilog HDL Assignment information at sd_controller.v(263): truncated unsized constant literal with size 32 to size 10 with no loss of information
Info (10662): Verilog HDL Assignment information at sd_controller.v(265): truncated unsized constant literal with size 32 to size 10 with no loss of information
Info (10662): Verilog HDL Assignment information at sd_controller.v(273): truncated unsized constant literal with size 32 to size 1 with no loss of information
Warning (10230): Verilog HDL assignment warning at sd_controller.v(280): truncated value with size 32 to match size of target (10)
Info (10662): Verilog HDL Assignment information at sd_controller.v(287): truncated unsized constant literal with size 32 to size 10 with no loss of information
Info (10662): Verilog HDL Assignment information at sd_controller.v(291): truncated unsized constant literal with size 32 to size 1 with no loss of information
Info (10662): Verilog HDL Assignment information at sd_controller.v(294): truncated unsized constant literal with size 32 to size 1 with no loss of information
Warning (10230): Verilog HDL assignment warning at sd_controller.v(295): truncated value with size 32 to match size of target (10)
Info (10662): Verilog HDL Assignment information at sd_controller.v(297): truncated unsized constant literal with size 32 to size 1 with no loss of information
Info (10662): Verilog HDL Assignment information at sd_controller.v(313): truncated unsized constant literal with size 32 to size 1 with no loss of information
Info (10662): Verilog HDL Assignment information at sd_controller.v(315): truncated unsized constant literal with size 32 to size 10 with no loss of information
Warning (10230): Verilog HDL assignment warning at sd_controller.v(317): truncated value with size 32 to match size of target (10)
Info (10662): Verilog HDL Assignment information at sd_controller.v(324): truncated unsized constant literal with size 32 to size 1 with no loss of information
Warning (10230): Verilog HDL assignment warning at sd_controller.v(328): truncated value with size 32 to match size of target (10)
Info (10662): Verilog HDL Assignment information at sd_controller.v(337): truncated unsized constant literal with size 32 to size 1 with no loss of information
Error (12006): Node instance "cpu" instantiates undefined entity "riscv64" File: /usr/local/projects/steps_cpu/cpu_on_board/cpu_on_board.v Line: 185
Error: Quartus II 32-bit Analysis & Synthesis was unsuccessful. 1 error, 56 warnings
    Error: Peak virtual memory: 381 megabytes
    Error: Processing ended: Fri Apr  3 10:28:49 2026
    Error: Elapsed time: 00:00:08
    Error: Total CPU time (on all processors): 00:00:07


